<?xml version="1.0" encoding="UTF-8" standalone="no"?>
<om:scenario xmlns:om="http://openmalaria.org/schema/scenario_32" xmlns:xsi="http://www.w3.org/2001/XMLSchema-instance" name="wuCHOICEVIVAX_5.xml,annualEIR:annualEIR2,country:base,Endophagy:VanDucAP2,InOutProp:InOutPropSep075,mosqHumanBloodIndex:mosqHumanBloodIndex0611,useDiagnosticUC:useDiagnosticUCtrue,seed:1" schemaVersion="32" xsi:schemaLocation="http://openmalaria.org/schema/scenario_32 scenario_32.xsd">
  <!-- make sure the xsd in your directory matches the name here, e.g. scenario_32RC3.xsd in windows or scenario_32.xsd in linux-->
  <demography maximumAgeYrs="90" name="Ifakara" popSize="1000">
    <ageGroup lowerbound="0.0">
      <group poppercent="3.474714994" upperbound="1"/>
      <group poppercent="12.76004028" upperbound="5"/>
      <group poppercent="14.52151394" upperbound="10"/>
      <group poppercent="12.75565434" upperbound="15"/>
      <group poppercent="10.83632374" upperbound="20"/>
      <group poppercent="8.393312454" upperbound="25"/>
      <group poppercent="7.001421452" upperbound="30"/>
      <group poppercent="5.800587654" upperbound="35"/>
      <group poppercent="5.102136612" upperbound="40"/>
      <group poppercent="4.182561874" upperbound="45"/>
      <group poppercent="3.339409351" upperbound="50"/>
      <group poppercent="2.986112356" upperbound="55"/>
      <group poppercent="2.555766582" upperbound="60"/>
      <group poppercent="2.332763433" upperbound="65"/>
      <group poppercent="1.77400255" upperbound="70"/>
      <group poppercent="1.008525491" upperbound="75"/>
      <group poppercent="0.74167341" upperbound="80"/>
      <group poppercent="0.271863401" upperbound="85"/>
      <group poppercent="0.161614642" upperbound="90"/>
    </ageGroup>
  </demography>
  <monitoring name="Quarterly Surveys">
    <SurveyOptions>
      <option name="nHost" value="true"/>
      <option name="nInfect" value="true"/>
      <option name="nExpectd" value="true"/>
      <option name="nPatent" value="true"/>
      <option name="totalInfs" value="true"/>
      <option name="nTransmit" value="true"/>
      <option name="totalPatentInf" value="true"/>
      <option name="nTreatments1" value="true"/>
      <option name="nTreatments2" value="true"/>
      <option name="nTreatments3" value="true"/>
      <option name="nUncomp" value="true"/>
      <option name="nSevere" value="true"/>
      <option name="nIndDeaths" value="true"/>
      <option name="nDirDeaths" value="true"/>
      <option name="annAvgK" value="true"/>
      <option name="nNMFever" value="true"/>
      <option name="innoculationsPerAgeGroup" value="true"/>
      <option name="simulatedEIR" value="true"/>
      <option name="Clinical_RDTs" value="true"/>
      <!-- test-->
      <option name="Clinical_FirstDayDeaths" value="true"/>
      <!-- test-->
      <option name="nNewInfections" value="true"/>
      <option name="nMassITNs" value="true"/>
      <option name="nNmfDeaths" value="true"/>
      <option name="nPQTreatments" value="true"/>
      <option name="nTreatDiagnostics"/>
    </SurveyOptions>
    <surveys detectionLimit="40">
      <!-- ignore detectionLimit for vivax model, still needs to be a number in order to run -->
      <surveyTime>6643</surveyTime>
      <!-- reports year 1-91, represents up to 1989  -->
      <surveyTime>6716</surveyTime>
      <!-- reports 1990  -->
      <surveyTime>6789</surveyTime>
      <!-- reports 1991  -->
      <surveyTime>6862</surveyTime>
      <!-- reports 1992  -->
      <surveyTime>6935</surveyTime>
      <!-- reports 1993  -->
      <surveyTime>7008</surveyTime>
      <!-- reports 1994  -->
      <surveyTime>7081</surveyTime>
      <!-- reports 1995  -->
      <surveyTime>7154</surveyTime>
      <!-- reports 1996  -->
      <surveyTime>7227</surveyTime>
      <!-- reports 1997  -->
      <surveyTime>7300</surveyTime>
      <!-- reports 1998  -->
      <surveyTime>7373</surveyTime>
      <!-- reports 1999  -->
      <surveyTime>7446</surveyTime>
      <!-- reports 2000  -->
      <surveyTime>7519</surveyTime>
      <!-- reports 2001  -->
      <surveyTime>7592</surveyTime>
      <!-- reports 2002  -->
      <surveyTime>7665</surveyTime>
      <!-- reports 2003  -->
      <surveyTime>7738</surveyTime>
      <!-- reports 2004  -->
      <surveyTime>7811</surveyTime>
      <!-- reports 2005  -->
      <surveyTime>7884</surveyTime>
      <!-- reports 2006  -->
      <surveyTime>7957</surveyTime>
      <!-- reports 2007  -->
      <surveyTime>8030</surveyTime>
      <!-- reports 2008  -->
      <surveyTime>8103</surveyTime>
      <!-- reports 2009  -->
      <surveyTime>8104</surveyTime>
      <!-- reports first timestep of 2010  -->
      <surveyTime>8105</surveyTime>
      <surveyTime>8106</surveyTime>
      <surveyTime>8107</surveyTime>
      <surveyTime>8108</surveyTime>
      <surveyTime>8109</surveyTime>
      <surveyTime>8110</surveyTime>
      <surveyTime>8111</surveyTime>
      <surveyTime>8112</surveyTime>
      <surveyTime>8113</surveyTime>
      <surveyTime>8114</surveyTime>
      <surveyTime>8115</surveyTime>
      <surveyTime>8116</surveyTime>
      <surveyTime>8117</surveyTime>
      <surveyTime>8118</surveyTime>
      <surveyTime>8119</surveyTime>
      <surveyTime>8120</surveyTime>
      <surveyTime>8121</surveyTime>
      <surveyTime>8122</surveyTime>
      <surveyTime>8123</surveyTime>
      <surveyTime>8124</surveyTime>
      <surveyTime>8125</surveyTime>
      <surveyTime>8126</surveyTime>
      <surveyTime>8127</surveyTime>
      <surveyTime>8128</surveyTime>
      <surveyTime>8129</surveyTime>
      <surveyTime>8130</surveyTime>
      <surveyTime>8131</surveyTime>
      <surveyTime>8132</surveyTime>
      <surveyTime>8133</surveyTime>
      <surveyTime>8134</surveyTime>
      <surveyTime>8135</surveyTime>
      <surveyTime>8136</surveyTime>
      <surveyTime>8137</surveyTime>
      <surveyTime>8138</surveyTime>
      <surveyTime>8139</surveyTime>
      <surveyTime>8140</surveyTime>
      <surveyTime>8141</surveyTime>
      <surveyTime>8142</surveyTime>
      <surveyTime>8143</surveyTime>
      <surveyTime>8144</surveyTime>
      <surveyTime>8145</surveyTime>
      <surveyTime>8146</surveyTime>
      <surveyTime>8147</surveyTime>
      <surveyTime>8148</surveyTime>
      <surveyTime>8149</surveyTime>
      <surveyTime>8150</surveyTime>
      <surveyTime>8151</surveyTime>
      <surveyTime>8152</surveyTime>
      <surveyTime>8153</surveyTime>
      <surveyTime>8154</surveyTime>
      <surveyTime>8155</surveyTime>
      <surveyTime>8156</surveyTime>
      <surveyTime>8157</surveyTime>
      <surveyTime>8158</surveyTime>
      <surveyTime>8159</surveyTime>
      <surveyTime>8160</surveyTime>
      <surveyTime>8161</surveyTime>
      <surveyTime>8162</surveyTime>
      <surveyTime>8163</surveyTime>
      <surveyTime>8164</surveyTime>
      <surveyTime>8165</surveyTime>
      <surveyTime>8166</surveyTime>
      <surveyTime>8167</surveyTime>
      <surveyTime>8168</surveyTime>
      <surveyTime>8169</surveyTime>
      <surveyTime>8170</surveyTime>
      <surveyTime>8171</surveyTime>
      <surveyTime>8172</surveyTime>
      <surveyTime>8173</surveyTime>
      <surveyTime>8174</surveyTime>
      <surveyTime>8175</surveyTime>
      <surveyTime>8176</surveyTime>
      <!-- reports last timestep of 2010  -->
    </surveys>
    <ageGroup lowerbound="0.0">
      <group upperbound="1"/>
      <group upperbound="2"/>
      <group upperbound="5"/>
      <group upperbound="10"/>
      <group upperbound="100"/>
    </ageGroup>
  </monitoring>
  <interventions name="Full Set">
    <importedInfections>
      <timed>
        <rate time="0" value="1"/>
        <!-- As of schema 28, for importedInfections, one entry of timed gets recycled indefinitely, or until the next entry of timed -->
        <!-- "time" indicates the timestep for which the rate indicated by value is first valid -->
        <!-- "value" is expressed in number of importedInfections per thousand per year -->
      </timed>
    </importedInfections>
    <human>
      <component id="ITN" name="Extended ITNs">
        <ITN>
          <usage value="1"/>
          <holeRate mean="0" sigma="0"/>
          <ripRate mean="0" sigma="0"/>
          <ripFactor value="0"/>
          <initialInsecticide mu="55" sigma="14"/>
          <insecticideDecay L="1000" function="exponential" mu="0" sigma="0"/>
          <attritionOfNets L="1" function="step" k="2"/>
          <anophelesParams mosquito="gambiae_ss_indoor" propActive="1">
            <!-- Note that either entering_insecticideFactor or entering_insecticideScalingFactor has to be >0 -->
            <!-- Note that attacking_baseFactor has to be >0 -->
            <twoStageDeterrency>
              <entering insecticideFactor="0.682" insecticideScalingFactor="0.050"/>
              <attacking baseFactor="0.685" holeFactor="-0.471" holeScalingFactor="0.014" insecticideFactor="0.263" insecticideScalingFactor="0.045" interactionFactor="0.412"/>
            </twoStageDeterrency>
            <preprandialKillingEffect baseFactor="0.494" holeFactor="0.226" holeScalingFactor="0.012" insecticideFactor="0.418" insecticideScalingFactor="0.086" interactionFactor="-0.187"/>
            <postprandialKillingEffect baseFactor="0.101" holeFactor="0" holeScalingFactor="0" insecticideFactor="0.818" insecticideScalingFactor="0.200" interactionFactor="0"/>
          </anophelesParams>
          <anophelesParams mosquito="gambiae_ss_outdoor" propActive="0">
            <!-- dummy params. Mix-and-match (don't have to use the same model for all species) -->
            <twoStageDeterrency>
              <entering insecticideFactor="1" insecticideScalingFactor="0"/>
              <attacking baseFactor="0.001" holeFactor="0" holeScalingFactor="0" insecticideFactor="0" insecticideScalingFactor="0" interactionFactor="0"/>
            </twoStageDeterrency>
            <preprandialKillingEffect baseFactor="0" holeFactor="0" holeScalingFactor="0" insecticideFactor="0" insecticideScalingFactor="0" interactionFactor="0"/>
            <postprandialKillingEffect baseFactor="0" holeFactor="0" holeScalingFactor="0" insecticideFactor="0" insecticideScalingFactor="0" interactionFactor="0"/>
          </anophelesParams>
        </ITN>
      </component>
      <deployment name="Extended ITNs">
        <component id="ITN"/>
        <continuous>
          <deploy coverage="0" targetAgeYrs="0.0833"/>
        </continuous>
        <timed>
          <deploy coverage="0.0" maxAge="5" minAge="1" time="7299"/>
        </timed>
      </deployment>
    </human>
    <changeHS>
      <timedDeployment time="7080">
        <ImmediateOutcomes name="Perfect drugs, varying access" useDiagnosticUC="true">
          <drugRegimen firstLine="ACT" inpatient="QN" secondLine="ACT"/>
          <initialACR>
            <ACT value="1"/>
            <!-- what is cure rate of blood-stage drugs? -->
            <QN value="1"/>
            <!-- NEW: set to 1 OLD: no treatment for severe (can change so long as CFR=1) -->
            <selfTreatment value="0"/>
          </initialACR>
          <compliance>
            <ACT value="1"/>
            <QN value="1"/>
            <selfTreatment value="0"/>
          </compliance>
          <nonCompliersEffective>
            <ACT value="0"/>
            <QN value="0"/>
            <selfTreatment value="0"/>
          </nonCompliersEffective>
          <treatmentActions>
            <ACT name="clear blood-stage infections">
              <clearInfections stage="blood" timesteps="-1"/>
            </ACT>
            <QN name="clear blood-stage infections">
              <clearInfections stage="blood" timesteps="-1"/>
            </QN>
          </treatmentActions>
          <!--set as desired... -->
          <pSeekOfficialCareUncomplicated1 value="0.08"/>
          <pSelfTreatUncomplicated value="0"/>
          <pSeekOfficialCareUncomplicated2 value="0.08"/>
          <pSeekOfficialCareSevere value="1"/>
          <!-- keep this at value 1, and vary using CFR -->
          <!-- if set to 1, then all who survive get treatment but the model reports treatment in all cases -->
          <primaquine>
            <pHumanCannotReceive value="0.0"/>
            <!-- Proportion of people who are excluded from primaquine. Do not change this value when changing health system -->
            <pUseUncomplicated value="0.95"/>
            <effectivenessOnUse value="0.775"/>
            <!-- 1 - 0.18 / 0.8 -->
            <!-- Effectiveness of primaquine to clear hypnozoites from the liver: Chamchod and Beier 2013 cite Baird and Hoffman 2004 and give the following estimates: Probability of carrying hypnozoites after a complete course of treatments without primaquine (tropically) 0.63, with primaquine (tropically) 0.18. The value 0.8 comes from the distribution of hypnozoites, if base = 0.8, 20 percent of the broods have zero hypnozoites, so these are already without hypnozoites -->
          </primaquine>
        </ImmediateOutcomes>
        <CFR>
          <!-- CFR=1 so that all severe cases result in death -->
          <!-- suggest: set to 1 minus pTreatment for severe (e.g. 1-0.48) (but note that reported nTreatments3 are treat-and-survive plus death outcomes (even without treatment))-->
          <group lowerbound="0" value="0.52"/>
        </CFR>
        <pSequelaeInpatient>
          <!-- no sequelae -->
          <group lowerbound="0.0" value="0"/>
        </pSequelaeInpatient>
      </timedDeployment>
    </changeHS>
  </interventions>
  <healthSystem>
    <ImmediateOutcomes name="Perfect drugs, varying access" useDiagnosticUC="true">
      <drugRegimen firstLine="ACT" inpatient="QN" secondLine="ACT"/>
      <initialACR>
        <ACT value="1"/>
        <!-- what is cure rate of blood-stage drugs? -->
        <QN value="1"/>
        <!-- NEW: set to 1 OLD: no treatment for severe (can change so long as CFR=1) -->
        <selfTreatment value="0"/>
      </initialACR>
      <compliance>
        <ACT value="1"/>
        <QN value="1"/>
        <selfTreatment value="0"/>
      </compliance>
      <nonCompliersEffective>
        <ACT value="0"/>
        <QN value="0"/>
        <selfTreatment value="0"/>
      </nonCompliersEffective>
      <treatmentActions>
        <ACT name="clear blood-stage infections">
          <clearInfections stage="blood" timesteps="-1"/>
        </ACT>
        <QN name="clear blood-stage infections">
          <clearInfections stage="blood" timesteps="-1"/>
        </QN>
      </treatmentActions>
      <!--set as desired... -->
      <pSeekOfficialCareUncomplicated1 value="0.04"/>
      <pSelfTreatUncomplicated value="0"/>
      <pSeekOfficialCareUncomplicated2 value="0.04"/>
      <pSeekOfficialCareSevere value="1"/>
      <!-- keep this at value 1, and vary using CFR -->
      <!-- if set to 1, then all who survive get treatment but the model reports treatment in all cases -->
      <primaquine>
        <pHumanCannotReceive value="0.0"/>
        <!-- Proportion of people who are excluded from primaquine. Do not change this value when changing health system -->
        <pUseUncomplicated value="0.95"/>
        <effectivenessOnUse value="0.775"/>
        <!-- 1 - 0.18 / 0.8 -->
        <!-- Effectiveness of primaquine to clear hypnozoites from the liver: Chamchod and Beier 2013 cite Baird and Hoffman 2004 and give the following estimates: Probability of carrying hypnozoites after a complete course of treatments without primaquine (tropically) 0.63, with primaquine (tropically) 0.18. The value 0.8 comes from the distribution of hypnozoites, if base = 0.8, 20 percent of the broods have zero hypnozoites, so these are already without hypnozoites -->
      </primaquine>
    </ImmediateOutcomes>
    <CFR>
      <!-- CFR=1 so that all severe cases result in death -->
      <!-- suggest: set to 1 minus pTreatment for severe (e.g. 1-0.48) (but note that reported nTreatments3 are treat-and-survive plus death outcomes (even without treatment))-->
      <group lowerbound="0" value="0.52"/>
    </CFR>
    <pSequelaeInpatient>
      <!-- no sequelae -->
      <group lowerbound="0.0" value="0"/>
    </pSequelaeInpatient>
  </healthSystem>
  <entomology mode="dynamic" name="Namawala" scaledAnnualEIR="2">
    <vector>
      <anopheles mosquito="gambiae_ss_indoor" propInfected="0.078" propInfectious="0.021">
        <seasonality annualEIR="0.75" input="EIR">
          <fourierSeries EIRRotateAngle="0">
            <coeffic a="1.930874053" b="1.202622093"/>
            <coeffic a="1.202622093" b="-0.896509152"/>
          </fourierSeries>
        </seasonality>
        <mosq minInfectedThreshold="0.001">
          <mosqRestDuration value="3"/>
          <extrinsicIncubationPeriod value="9"/>
          <mosqLaidEggsSameDayProportion value="0.313"/>
          <mosqSeekingDuration value="0.33"/>
          <mosqSurvivalFeedingCycleProbability value="0.623"/>
          <availabilityVariance value="0"/>
          <mosqProbBiting mean="0.95" variance="0"/>
          <mosqProbFindRestSite mean="0.95" variance="0"/>
          <mosqProbResting mean="0.99" variance="0"/>
          <mosqProbOvipositing value="0.88"/>
          <mosqHumanBloodIndex value="0.611"/>
        </mosq>
        <!-- <simpleMPD>-->
        <!-- Values are made up, not from field data! -->
        <!-- <developmentDuration value="11"/>-->
        <!-- <developmentSurvival value="0.6"/>-->
        <!-- <femaleEggsLaidByOviposit value="50"/>-->
        <!-- </simpleMPD>-->
        <nonHumanHosts name="unprotectedAnimals">
          <mosqRelativeEntoAvailability value="1.0"/>
          <mosqProbBiting value="0.95"/>
          <mosqProbFindRestSite value="0.95"/>
          <mosqProbResting value="0.99"/>
        </nonHumanHosts>
      </anopheles>
      <anopheles mosquito="gambiae_ss_outdoor" propInfected="0.078" propInfectious="0.021">
        <seasonality annualEIR="0.25" input="EIR">
          <fourierSeries EIRRotateAngle="0">
            <coeffic a="1.930874053" b="1.202622093"/>
            <coeffic a="1.202622093" b="-0.896509152"/>
          </fourierSeries>
        </seasonality>
        <mosq minInfectedThreshold="0.001">
          <mosqRestDuration value="3"/>
          <extrinsicIncubationPeriod value="9"/>
          <mosqLaidEggsSameDayProportion value="0.313"/>
          <mosqSeekingDuration value="0.33"/>
          <mosqSurvivalFeedingCycleProbability value="0.623"/>
          <availabilityVariance value="0"/>
          <mosqProbBiting mean="0.95" variance="0"/>
          <mosqProbFindRestSite mean="0.95" variance="0"/>
          <mosqProbResting mean="0.99" variance="0"/>
          <mosqProbOvipositing value="0.88"/>
          <mosqHumanBloodIndex value="0.611"/>
        </mosq>
        <!-- <simpleMPD>-->
        <!-- Values are made up, not from field data! -->
        <!-- <developmentDuration value="11"/>-->
        <!-- <developmentSurvival value="0.6"/>-->
        <!-- <femaleEggsLaidByOviposit value="50"/>-->
        <!-- </simpleMPD>-->
        <nonHumanHosts name="unprotectedAnimals">
          <mosqRelativeEntoAvailability value="1.0"/>
          <mosqProbBiting value="0.95"/>
          <mosqProbFindRestSite value="0.95"/>
          <mosqProbResting value="0.99"/>
        </nonHumanHosts>
      </anopheles>
      <nonHumanHosts name="unprotectedAnimals" number="1.0"/>
    </vector>
  </entomology>
  <model>
    <ModelOptions>
      <option name="VIVAX_SIMPLE_MODEL" value="true"/>
      <option name="NON_MALARIA_FEVERS" value="true"/>
    </ModelOptions>
    <clinical healthSystemMemory="6">
      <NonMalariaFevers>
        <incidence>
          <group lowerbound="0" value="0.322769924518357"/>
          <group lowerbound="0" value="0.308520194304172"/>
          <group lowerbound="1" value="0.279441774808493"/>
          <group lowerbound="2" value="0.250431781111273"/>
          <group lowerbound="3" value="0.223285859756841"/>
          <group lowerbound="4" value="0.199298352451799"/>
          <group lowerbound="5" value="0.179376872365614"/>
          <group lowerbound="6" value="0.163623659390782"/>
          <group lowerbound="7" value="0.152227726923469"/>
          <group lowerbound="8" value="0.145022785567758"/>
          <group lowerbound="9" value="0.141493087461765"/>
          <group lowerbound="10" value="0.140473293219353"/>
          <group lowerbound="11" value="0.141109775159515"/>
          <group lowerbound="12" value="0.142644475217328"/>
          <group lowerbound="13" value="0.144335079395766"/>
          <group lowerbound="14" value="0.145964032924869"/>
          <group lowerbound="15" value="0.147708915135714"/>
          <group lowerbound="16" value="0.149731543445568"/>
          <group lowerbound="17" value="0.151887428568276"/>
          <group lowerbound="18" value="0.154060663485195"/>
          <group lowerbound="19" value="0.156179169710494"/>
          <group lowerbound="20" value="0.158135015380583"/>
          <group lowerbound="21" value="0.159704766482219"/>
          <group lowerbound="22" value="0.160807788387655"/>
          <group lowerbound="23" value="0.161427976448279"/>
          <group lowerbound="24" value="0.161620429119137"/>
          <group lowerbound="25" value="0.16144021875986"/>
          <group lowerbound="26" value="0.160943264630612"/>
          <group lowerbound="27" value="0.160217573697398"/>
          <group lowerbound="28" value="0.159422614374451"/>
          <group lowerbound="29" value="0.158542519631641"/>
          <group lowerbound="30" value="0.157501217628248"/>
          <group lowerbound="31" value="0.156175160594841"/>
          <group lowerbound="32" value="0.154402302191411"/>
          <group lowerbound="33" value="0.152102040636481"/>
          <group lowerbound="34" value="0.14921450014676"/>
          <group lowerbound="35" value="0.145714433541659"/>
          <group lowerbound="36" value="0.141800502067518"/>
          <group lowerbound="37" value="0.137916853907569"/>
          <group lowerbound="38" value="0.134503529382102"/>
          <group lowerbound="39" value="0.131746276580642"/>
          <group lowerbound="40" value="0.12969902537497"/>
          <group lowerbound="41" value="0.128398077347679"/>
          <group lowerbound="42" value="0.127864136551891"/>
          <group lowerbound="43" value="0.12804497197004"/>
          <group lowerbound="44" value="0.128894055047661"/>
          <group lowerbound="45" value="0.130350838992718"/>
          <group lowerbound="46" value="0.132286605622701"/>
          <group lowerbound="47" value="0.134599921072495"/>
          <group lowerbound="48" value="0.137212726976988"/>
          <group lowerbound="49" value="0.140035253913284"/>
          <group lowerbound="50" value="0.142934573453621"/>
          <group lowerbound="51" value="0.145830221511879"/>
          <group lowerbound="52" value="0.148674810561069"/>
          <group lowerbound="53" value="0.151497963594518"/>
          <group lowerbound="54" value="0.15438856687865"/>
          <group lowerbound="55" value="0.157403790093505"/>
          <group lowerbound="56" value="0.16059513222516"/>
          <group lowerbound="57" value="0.16402433342886"/>
          <group lowerbound="58" value="0.16770481415944"/>
          <group lowerbound="59" value="0.171626873047865"/>
          <group lowerbound="60" value="0.175748327054247"/>
          <group lowerbound="61" value="0.180030857856799"/>
          <group lowerbound="62" value="0.184411365583771"/>
          <group lowerbound="63" value="0.188816421789366"/>
          <group lowerbound="64" value="0.19316997803338"/>
          <group lowerbound="65" value="0.197435603275487"/>
          <group lowerbound="66" value="0.201578808813379"/>
          <group lowerbound="67" value="0.205556806881398"/>
          <group lowerbound="68" value="0.209307183457343"/>
          <group lowerbound="69" value="0.212783260344084"/>
          <group lowerbound="70" value="0.215944154621391"/>
          <group lowerbound="71" value="0.218749275266548"/>
          <group lowerbound="72" value="0.221187990639016"/>
          <group lowerbound="73" value="0.223361260399378"/>
          <group lowerbound="74" value="0.225363436789592"/>
          <group lowerbound="75" value="0.227254280093211"/>
          <group lowerbound="76" value="0.229084576349576"/>
          <group lowerbound="77" value="0.230891971097789"/>
          <group lowerbound="78" value="0.232690225166173"/>
          <group lowerbound="79" value="0.234484973338876"/>
          <group lowerbound="80" value="0.236276361586796"/>
          <group lowerbound="81" value="0.238064394629696"/>
          <group lowerbound="82" value="0.239849077182917"/>
          <group lowerbound="83" value="0.241630413957381"/>
          <group lowerbound="84" value="0.243408409659591"/>
          <group lowerbound="85" value="0.245183068991633"/>
          <group lowerbound="86" value="0.246954396651183"/>
          <group lowerbound="87" value="0.248722397331501"/>
          <group lowerbound="88" value="0.250487075721441"/>
          <group lowerbound="89" value="0.252248436505447"/>
          <group lowerbound="90" value="0.253127874257909"/>
        </incidence>
      </NonMalariaFevers>
    </clinical>
    <human>
      <availabilityToMosquitoes>
        <group lowerbound="0.0" value="0.225940909648"/>
        <group lowerbound="1.0" value="0.286173633441"/>
        <group lowerbound="2.0" value="0.336898395722"/>
        <group lowerbound="3.0" value="0.370989854675"/>
        <group lowerbound="4.0" value="0.403114915112"/>
        <group lowerbound="5.0" value="0.442585112522"/>
        <group lowerbound="6.0" value="0.473839351511"/>
        <group lowerbound="7.0" value="0.512630464378"/>
        <group lowerbound="8.0" value="0.54487872702"/>
        <group lowerbound="9.0" value="0.581527755812"/>
        <group lowerbound="10.0" value="0.630257580698"/>
        <group lowerbound="11.0" value="0.663063362714"/>
        <group lowerbound="12.0" value="0.702417432755"/>
        <group lowerbound="13.0" value="0.734605377277"/>
        <group lowerbound="14.0" value="0.788908765653"/>
        <group lowerbound="15.0" value="0.839587932303"/>
        <group lowerbound="20.0" value="1.0"/>
        <group lowerbound="20.0" value="1.0"/>
      </availabilityToMosquitoes>
    </human>
    <vivax>
      <probBloodStageInfectiousToMosq value="0.25"/>
      <!-- Infectivity - from the malariatherapy data the median infectivity is 50 percent and from our analyses does not alter much with increasing density once it is above a low threshold. For the Pf model we used a factor of 0.56 to get to natural conditions.So the model at present is just 0.5*0.56. -->
      <numberHypnozoites base="0.8" max="11"/>
      <!-- The distribution in the number of hypnozoites (this excludes the primary infection) per brood is P(n)=base to the power of n/sumoverallnuptonmax-->
      <!--scale a log-normal by adding log(factor) to mu, this is mu=2.92 in timesteps-->
      <hypnozoiteReleaseDelayDays min="10" mu="4.5294379" sigma="0.956"/>
      <!--The distribution of release delays per hypnozoite is log-normally distributed with mu and sigma parameters expressed in days, truncated at min 2.92+log(5)-->
      <bloodStageProtectionLatency value="10"/>
      <!--The duration of a current blood stage infection will not alter if another hypnozoite from the same brood relapses since it merely adds a few more parasites. We model that a new blood stage infection within bloodStageProtectionLatency days of a BS infection from the same brood fails to establish-->
      <!--scale a Weibull just by multiplying the scale, this is scale=23.01164 in timesteps-->
      <bloodStageLengthDays weibullScale="115.0582" weibullShape="2.331"/>
      <!--duration of blood-stage infection from the malariatherapy blood infections, a=2.331002 and b=23.01164 in timesteps-->
      <pEventPrimary a="0.9687" b="9.803"/>
      <!--The probability of a fever following a primary blood stage infection pEventPrimary = a*(1/(1+(cumInf/b)))-->
      <pEventSecondary a="0.2098" b="1.812"/>
      <!--The probability of a fever following a relapse conditional on the primary infection causing fever. pEventSecondary = a*(1/(1+(cumInf/b))) -->
      <!-- probability of a clinical event being severe -->
      <pEventIsSevere value="0.01"/>
    </vivax>
    <parameters interval="5" iseed="6" latentp="3">
      <!--Tropical strains used for malariatherapy have an estimated median incubation period of 12 days (95 percent CI 12-12) and 95th centile of 16 days (15-17) (ref). The incubation period was not associated with sporozoite dose for analyses involving the Chesson strain (ref). The distribution of incubation times is skewed to larger values. Thus, three 5-day timesteps would seem appropriate and the primary blood-stage infection occurs after this.-->
      <parameter include="false" name="        '-ln(1-Sinf)'   " number="1" value="0.050736"/>
      <parameter include="false" name="        Estar   " number="2" value="0.03247"/>
      <parameter include="false" name="        Simm    " number="3" value="0.1447"/>
      <parameter include="false" name="        Xstar_p " number="4" value="2801.485664"/>
      <parameter include="false" name="        gamma_p " number="5" value="2.061137"/>
      <parameter include="false" name="        sigma2        " number="16" value="0.05"/>
      <!-- log odds 0 implies community CFR equals hospital CFR -->
      <parameter include="false" name="        log oddsr CF community  " number="17" value="0"/>
      <parameter include="false" name="        Non-malaria infant mortality    " number="19" value="50.648162"/>
    </parameters>
  </model>
</om:scenario>
