file,annualEIR,country,Endophagy,InOutProp,mosqHumanBloodIndex,useDiagnosticUC,seed
wuCHOICEVIVAX_0.xml,annualEIR1,base,VanDucAP2,InOutPropSep075,mosqHumanBloodIndex0611,useDiagnosticUCfalse,1
wuCHOICEVIVAX_1.xml,annualEIR2,base,VanDucAP2,InOutPropSep075,mosqHumanBloodIndex0611,useDiagnosticUCfalse,1
wuCHOICEVIVAX_2.xml,annualEIR1,baseslightversion,VanDucAP2,InOutPropSep075,mosqHumanBloodIndex0611,useDiagnosticUCfalse,1
wuCHOICEVIVAX_3.xml,annualEIR2,baseslightversion,VanDucAP2,InOutPropSep075,mosqHumanBloodIndex0611,useDiagnosticUCfalse,1
wuCHOICEVIVAX_4.xml,annualEIR1,base,VanDucAP2,InOutPropSep075,mosqHumanBloodIndex0611,useDiagnosticUCtrue,1
wuCHOICEVIVAX_5.xml,annualEIR2,base,VanDucAP2,InOutPropSep075,mosqHumanBloodIndex0611,useDiagnosticUCtrue,1
wuCHOICEVIVAX_6.xml,annualEIR1,baseslightversion,VanDucAP2,InOutPropSep075,mosqHumanBloodIndex0611,useDiagnosticUCtrue,1
wuCHOICEVIVAX_7.xml,annualEIR2,baseslightversion,VanDucAP2,InOutPropSep075,mosqHumanBloodIndex0611,useDiagnosticUCtrue,1
